// Jest Snapshot v1, https://goo.gl/fbAQLP

exports[`Cloud Function addCloudFunction should add a cloud function and role 1`] = `
Object {
  "AWSTemplateFormatVersion": "2010-09-09",
  "Resources": Object {
    "Basic": Object {
      "Properties": Object {
        "Code": Object {
          "ZipFile": "module.exports = {handler: async () => ({
            statusCode: 200,
            headers: {'Content-Type': 'application/json'},
            body: '\\"You did it!\\"'
          })};
",
        },
        "Environment": Object {
          "Variables": Object {
            "NODE_ENV": "production",
          },
        },
        "Handler": "index.handler",
        "Role": Object {
          "Fn::GetAtt": Array [
            "BasicRole",
            "Arn",
          ],
        },
        "Runtime": "nodejs12.x",
        "Timeout": 30,
      },
      "Type": "AWS::Lambda::Function",
    },
    "BasicRole": Object {
      "Properties": Object {
        "AssumeRolePolicyDocument": Object {
          "Statement": Array [
            Object {
              "Action": Array [
                "sts:AssumeRole",
              ],
              "Effect": "Allow",
              "Principal": Object {
                "Service": Array [
                  "lambda.amazonaws.com",
                ],
              },
            },
          ],
          "Version": "2012-10-17",
        },
        "ManagedPolicyArns": Array [
          "arn:aws:iam::aws:policy/service-role/AWSLambdaBasicExecutionRole",
        ],
        "Policies": Array [
          Object {
            "PolicyDocument": Object {
              "Statement": Array [
                Object {
                  "Action": Array [
                    "*",
                  ],
                  "Effect": "Allow",
                  "Resource": "*",
                },
              ],
              "Version": "2012-10-17T00:00:00.000Z",
            },
            "PolicyName": "lambda-parameter-store",
          },
        ],
      },
      "Type": "AWS::IAM::Role",
    },
  },
}
`;
