// Jest Snapshot v1, https://goo.gl/fbAQLP

exports[`File Storage addSecureFileStorage should add secure file storage 1`] = `
Object {
  "AWSTemplateFormatVersion": "2010-09-09",
  "Resources": Object {
    "APIFS": Object {
      "DeletionPolicy": "Delete",
      "Properties": Object {
        "AccessControl": undefined,
        "BucketEncryption": Object {
          "ServerSideEncryptionConfiguration": Array [
            Object {
              "ServerSideEncryptionByDefault": Object {
                "SSEAlgorithm": "AES256",
              },
            },
          ],
        },
        "BucketName": true,
        "CorsConfiguration": Object {
          "CorsRules": Array [
            Object {
              "AllowedHeaders": Array [
                "*",
              ],
              "AllowedMethods": Array [
                "GET",
                "PUT",
                "POST",
                "DELETE",
                "HEAD",
              ],
              "AllowedOrigins": Array [
                "*",
              ],
            },
          ],
        },
        "PublicAccessBlockConfiguration": Object {
          "BlockPublicAcls": true,
          "BlockPublicPolicy": true,
          "IgnorePublicAcls": true,
          "RestrictPublicBuckets": true,
        },
      },
      "Type": "AWS::S3::Bucket",
    },
  },
}
`;
