// Jest Snapshot v1, https://goo.gl/fbAQLP

exports[`Gateway addGateway should add a gateway for an API 1`] = `
Object {
  "AWSTemplateFormatVersion": "2010-09-09",
  "Resources": Object {
    "BasicCloudFunctionANYResourcePermission": Object {
      "Properties": Object {
        "Action": "lambda:InvokeFunction",
        "FunctionName": Object {
          "Ref": "BasicCloudFunction",
        },
        "Principal": "apigateway.amazonaws.com",
        "SourceArn": Object {
          "Fn::Sub": Array [
            "arn:aws:execute-api:\${AWS::Region}:\${AWS::AccountId}:\${__ApiId__}/\${__Stage__}/*/*",
            Object {
              "__ApiId__": Object {
                "Ref": "BasicGatewayRESTAPI",
              },
              "__Stage__": "production",
            },
          ],
        },
      },
      "Type": "AWS::Lambda::Permission",
    },
    "BasicCloudWatch": Object {
      "Properties": Object {
        "LogGroupName": Object {
          "Fn::Sub": "\${AWS::StackName}-BasicGatewayLogs",
        },
      },
      "Type": "AWS::Logs::LogGroup",
    },
    "BasicCloudWatchAccount": Object {
      "Properties": Object {
        "CloudWatchRoleArn": Object {
          "Fn::GetAtt": Array [
            "BasicCloudWatchRole",
            "Arn",
          ],
        },
      },
      "Type": "AWS::ApiGateway::Account",
    },
    "BasicCloudWatchRole": Object {
      "Properties": Object {
        "AssumeRolePolicyDocument": Object {
          "Statement": Array [
            Object {
              "Action": "sts:AssumeRole",
              "Effect": "Allow",
              "Principal": Object {
                "Service": Array [
                  "apigateway.amazonaws.com",
                ],
              },
            },
          ],
          "Version": "2012-10-17T00:00:00.000Z",
        },
        "ManagedPolicyArns": Array [
          "arn:aws:iam::aws:policy/service-role/AmazonAPIGatewayPushToCloudWatchLogs",
        ],
        "Path": "/",
      },
      "Type": "AWS::IAM::Role",
    },
    "BasicCustomAuthorizer": Object {
      "Properties": Object {
        "IdentitySource": "method.request.header.authorization",
        "Name": "BasicCustomAuthorizer",
        "ProviderARNs": Array [
          "PROVIDER_ARN",
        ],
        "RestApiId": Object {
          "Ref": "BasicGatewayRESTAPI",
        },
        "Type": "COGNITO_USER_POOLS",
      },
      "Type": "AWS::ApiGateway::Authorizer",
    },
    "BasicDomainName": Object {
      "Properties": Object {
        "CertificateArn": "i:am:a:cert:arn",
        "DomainName": "api.example.com",
        "EndpointConfiguration": Object {
          "Types": Array [
            "EDGE",
          ],
        },
      },
      "Type": "AWS::ApiGateway::DomainName",
    },
    "BasicDomainNameBasePathMapping": Object {
      "DependsOn": Array [
        "BasicGatewayRESTAPI",
        "BasicGatewayRESTAPIEnvironment",
        "BasicDomainName",
      ],
      "Properties": Object {
        "DomainName": "api.example.com",
        "RestApiId": Object {
          "Ref": "BasicGatewayRESTAPI",
        },
        "Stage": "production",
      },
      "Type": "AWS::ApiGateway::BasePathMapping",
    },
    "BasicGatewayRESTAPI": Object {
      "Properties": Object {
        "EndpointConfiguration": Object {
          "Types": Array [
            "EDGE",
          ],
        },
        "Name": Object {
          "Fn::Sub": "\${AWS::StackName}-BasicGatewayRESTAPI",
        },
      },
      "Type": "AWS::ApiGateway::RestApi",
    },
    "BasicGatewayRESTAPIDeployment": Object {
      "DependsOn": Array [
        "BasicGatewayRESTAPIResource",
        "BasicGatewayRESTAPIMethod",
        "BasicGatewayRESTAPIRootMethod",
        "BasicGatewayRESTAPI",
        "CFID",
      ],
      "Properties": Object {
        "RestApiId": Object {
          "Ref": "BasicGatewayRESTAPI",
        },
      },
      "Type": "AWS::ApiGateway::Deployment",
    },
    "BasicGatewayRESTAPIEnvironment": Object {
      "DependsOn": Array [
        "APICloudWatchAccount",
        "APIGatewayRESTAPIDeployment",
      ],
      "Properties": Object {
        "AccessLogSetting": Object {
          "DestinationArn": Object {
            "Fn::GetAtt": Array [
              "BasicCloudWatch",
              "Arn",
            ],
          },
          "Format": "{\\"requestId\\":\\"$context.requestId\\",\\"ip\\":\\"$context.identity.sourceIp\\",\\"caller\\":\\"$context.identity.caller\\",\\"user\\":\\"$context.identity.user\\",\\"requestTime\\":\\"$context.requestTime\\",\\"httpMethod\\":\\"$context.httpMethod\\",\\"resourcePath\\":\\"$context.resourcePath\\",\\"status\\":\\"$context.status\\",\\"protocol\\":\\"$context.protocol\\",\\"responseLength\\":\\"$context.responseLength\\",\\"apiGatewayErrorMessage\\":\\"$context.error.message\\"}",
        },
        "DeploymentId": Object {
          "Ref": "APIGatewayRESTAPIDeployment",
        },
        "RestApiId": Object {
          "Ref": "APIGatewayRESTAPI",
        },
        "StageName": "production",
      },
      "Type": "AWS::ApiGateway::Stage",
    },
    "BasicGatewayRESTAPIMethod": Object {
      "DependsOn": "BasicGatewayRESTAPIResource",
      "Properties": Object {
        "AuthorizationScopes": Array [
          "phone",
          "email",
          "openid",
          "profile",
        ],
        "AuthorizationType": "COGNITO_USER_POOLS",
        "AuthorizerId": Object {
          "Ref": "BasicCustomAuthorizer",
        },
        "HttpMethod": "ANY",
        "Integration": Object {
          "IntegrationHttpMethod": "POST",
          "Type": "AWS_PROXY",
          "Uri": Object {
            "Fn::Sub": "arn:aws:apigateway:us-east-1:lambda:path/2015-03-31/functions/\${CFID.Arn}/invocations",
          },
        },
        "ResourceId": Object {
          "Ref": "BasicGatewayRESTAPIResource",
        },
        "RestApiId": Object {
          "Ref": "BasicGatewayRESTAPI",
        },
      },
      "Type": "AWS::ApiGateway::Method",
    },
    "BasicGatewayRESTAPIOPTIONSMethod": Object {
      "DependsOn": "BasicGatewayRESTAPIResource",
      "Properties": Object {
        "AuthorizationType": "NONE",
        "HttpMethod": "OPTIONS",
        "Integration": Object {
          "IntegrationHttpMethod": "POST",
          "Type": "AWS_PROXY",
          "Uri": Object {
            "Fn::Sub": "arn:aws:apigateway:us-east-1:lambda:path/2015-03-31/functions/\${CFID.Arn}/invocations",
          },
        },
        "ResourceId": Object {
          "Ref": "BasicGatewayRESTAPIResource",
        },
        "RestApiId": Object {
          "Ref": "BasicGatewayRESTAPI",
        },
      },
      "Type": "AWS::ApiGateway::Method",
    },
    "BasicGatewayRESTAPIResource": Object {
      "DependsOn": "BasicGatewayRESTAPI",
      "Properties": Object {
        "ParentId": Object {
          "Fn::GetAtt": Array [
            "BasicGatewayRESTAPI",
            "RootResourceId",
          ],
        },
        "PathPart": "{proxy+}",
        "RestApiId": Object {
          "Ref": "BasicGatewayRESTAPI",
        },
      },
      "Type": "AWS::ApiGateway::Resource",
    },
    "BasicGatewayRESTAPIRootMethod": Object {
      "DependsOn": "BasicGatewayRESTAPIResource",
      "Properties": Object {
        "AuthorizationScopes": Array [
          "phone",
          "email",
          "openid",
          "profile",
        ],
        "AuthorizationType": "COGNITO_USER_POOLS",
        "AuthorizerId": Object {
          "Ref": "BasicCustomAuthorizer",
        },
        "HttpMethod": "ANY",
        "Integration": Object {
          "IntegrationHttpMethod": "POST",
          "Type": "AWS_PROXY",
          "Uri": Object {
            "Fn::Sub": "arn:aws:apigateway:us-east-1:lambda:path/2015-03-31/functions/\${CFID.Arn}/invocations",
          },
        },
        "ResourceId": Object {
          "Fn::GetAtt": Array [
            "BasicGatewayRESTAPI",
            "RootResourceId",
          ],
        },
        "RestApiId": Object {
          "Ref": "BasicGatewayRESTAPI",
        },
      },
      "Type": "AWS::ApiGateway::Method",
    },
    "BasicGatewayRESTAPIRootOPTIONSMethod": Object {
      "DependsOn": "BasicGatewayRESTAPIResource",
      "Properties": Object {
        "AuthorizationType": "NONE",
        "HttpMethod": "OPTIONS",
        "Integration": Object {
          "IntegrationHttpMethod": "POST",
          "Type": "AWS_PROXY",
          "Uri": Object {
            "Fn::Sub": "arn:aws:apigateway:us-east-1:lambda:path/2015-03-31/functions/\${CFID.Arn}/invocations",
          },
        },
        "ResourceId": Object {
          "Fn::GetAtt": Array [
            "BasicGatewayRESTAPI",
            "RootResourceId",
          ],
        },
        "RestApiId": Object {
          "Ref": "BasicGatewayRESTAPI",
        },
      },
      "Type": "AWS::ApiGateway::Method",
    },
    "BasicGatewayResponseDefault4XX": Object {
      "Properties": Object {
        "ResponseParameters": Object {
          "gatewayresponse.header.Access-Control-Allow-Credentials": "'true'",
          "gatewayresponse.header.Access-Control-Allow-Headers": "'*'",
          "gatewayresponse.header.Access-Control-Allow-Origin": "method.request.header.origin",
        },
        "ResponseType": "DEFAULT_4XX",
        "RestApiId": Object {
          "Ref": "BasicGatewayRESTAPI",
        },
      },
      "Type": "AWS::ApiGateway::GatewayResponse",
    },
    "BasicRoute53Record": Object {
      "DependsOn": "BasicDomainName",
      "Properties": Object {
        "AliasTarget": Object {
          "DNSName": Object {
            "Fn::Sub": Array [
              "\${DomainName}.",
              Object {
                "DomainName": Object {
                  "Fn::GetAtt": Array [
                    "BasicDomainName",
                    "DistributionDomainName",
                  ],
                },
              },
            ],
          },
          "HostedZoneId": "Z2FDTNDATAQYW2",
        },
        "HostedZoneId": "1234567890",
        "Name": Object {
          "Fn::Sub": Array [
            "\${DomainName}.",
            Object {
              "DomainName": "api.example.com",
            },
          ],
        },
        "Type": "A",
      },
      "Type": "AWS::Route53::RecordSet",
    },
  },
}
`;
